// Jest Snapshot v1, https://goo.gl/fbAQLP

exports[`should render edit expense page 1`] = `
<div>
  <ExpenseForm
    action="Edit Expense"
    expense={
      Object {
        "amount": 19500,
        "createdAt": 0,
        "description": "gum",
        "id": "1",
        "note": "",
      }
    }
    onSubmit={[Function]}
  />
  <button
    onClick={[Function]}
  >
    Remove
  </button>
</div>
`;
